// Jest Snapshot v1, https://goo.gl/fbAQLP

exports[`CalendarHeader Click buttons 1`] = `
<div class="header flex items-center p-4"><button id="btn-today" class="border rounded-md h-10 border-color-gray-200 hover:bg-gray-200 p-2 mr-6">
    Today
  </button> <button id="btn-previous" class="rounded-full h-10 w-10 hover:bg-gray-200 mr-1"><svg aria-hidden="true" focusable="false" data-prefix="fas" data-icon="chevron-left" role="img" xmlns="http://www.w3.org/2000/svg" viewBox="0 0 320 512" class="svg-inline--fa fa-chevron-left">
      <path fill="currentColor" d="M224 480c-8.188 0-16.38-3.125-22.62-9.375l-192-192c-12.5-12.5-12.5-32.75 0-45.25l192-192c12.5-12.5 32.75-12.5 45.25 0s12.5 32.75 0 45.25L77.25 256l169.4 169.4c12.5 12.5 12.5 32.75 0 45.25C240.4 476.9 232.2 480 224 480z" class=""></path>
    </svg></button> <button id="btn-next" class="rounded-full h-10 w-10 hover:bg-gray-200 mr-8"><svg aria-hidden="true" focusable="false" data-prefix="fas" data-icon="chevron-right" role="img" xmlns="http://www.w3.org/2000/svg" viewBox="0 0 320 512" class="svg-inline--fa fa-chevron-right">
      <path fill="currentColor" d="M96 480c-8.188 0-16.38-3.125-22.62-9.375c-12.5-12.5-12.5-32.75 0-45.25L242.8 256L73.38 86.63c-12.5-12.5-12.5-32.75 0-45.25s32.75-12.5 45.25 0l192 192c12.5 12.5 12.5 32.75 0 45.25l-192 192C112.4 476.9 104.2 480 96 480z" class=""></path>
    </svg></button>
  <div class="text-3xl md:text-3xl hidden md:flex long-title">
    março de 2022
  </div>
  <div class="text-lg md:text-3xl md:hidden short-title">
    mar. de 2022
  </div>
</div>
`;

exports[`CalendarHeader Header title is working 1`] = `
<div class="header flex items-center p-4"><button id="btn-today" class="border rounded-md h-10 border-color-gray-200 hover:bg-gray-200 p-2 mr-6">
    Today
  </button> <button id="btn-previous" class="rounded-full h-10 w-10 hover:bg-gray-200 mr-1"><svg aria-hidden="true" focusable="false" data-prefix="fas" data-icon="chevron-left" role="img" xmlns="http://www.w3.org/2000/svg" viewBox="0 0 320 512" class="svg-inline--fa fa-chevron-left">
      <path fill="currentColor" d="M224 480c-8.188 0-16.38-3.125-22.62-9.375l-192-192c-12.5-12.5-12.5-32.75 0-45.25l192-192c12.5-12.5 32.75-12.5 45.25 0s12.5 32.75 0 45.25L77.25 256l169.4 169.4c12.5 12.5 12.5 32.75 0 45.25C240.4 476.9 232.2 480 224 480z" class=""></path>
    </svg></button> <button id="btn-next" class="rounded-full h-10 w-10 hover:bg-gray-200 mr-8"><svg aria-hidden="true" focusable="false" data-prefix="fas" data-icon="chevron-right" role="img" xmlns="http://www.w3.org/2000/svg" viewBox="0 0 320 512" class="svg-inline--fa fa-chevron-right">
      <path fill="currentColor" d="M96 480c-8.188 0-16.38-3.125-22.62-9.375c-12.5-12.5-12.5-32.75 0-45.25L242.8 256L73.38 86.63c-12.5-12.5-12.5-32.75 0-45.25s32.75-12.5 45.25 0l192 192c12.5 12.5 12.5 32.75 0 45.25l-192 192C112.4 476.9 104.2 480 96 480z" class=""></path>
    </svg></button>
  <div class="text-3xl md:text-3xl hidden md:flex long-title">
    março de 2022
  </div>
  <div class="text-lg md:text-3xl md:hidden short-title">
    mar. de 2022
  </div>
</div>
`;
